// Jest Snapshot v1, https://goo.gl/fbAQLP

exports[`Keep Component Should render correctly 1`] = `ShallowWrapper {}`;
