// Jest Snapshot v1, https://goo.gl/fbAQLP

exports[`Login Component Should render correctly 1`] = `ShallowWrapper {}`;
