// Jest Snapshot v1, https://goo.gl/fbAQLP

exports[`Profile Component Should render correctly 1`] = `ShallowWrapper {}`;
