// Jest Snapshot v1, https://goo.gl/fbAQLP

exports[`Register Component Should render correctly 1`] = `ShallowWrapper {}`;
