// Jest Snapshot v1, https://goo.gl/fbAQLP

exports[`Reset Component Should render correctly 1`] = `ShallowWrapper {}`;
